======================================================================
MAINTENANCE SWEEP 1 - Dependency Audit Raw Scan
Repo: jira-cli | Branch: develop @ 01e278fcb247e8f40b4f036993a1305edbb97df4
Date: 2026-09-16
rustc: rustc 1.98.1 (48a229cea 2026-09-01)
cargo: cargo 1.98.1 (797e8a9bc 2026-08-05)
cargo-audit: cargo-audit-audit 0.22.1
cargo-deny: cargo-deny 0.19.6
cargo-audit pre-installed: YES (no install step required)
======================================================================

###################################################
### 1. cargo audit
###################################################
    Fetching advisory database from `https://github.com/RustSec/advisory-db.git`
      Loaded 1246 security advisories (from /Users/zious/.cargo/advisory-db)
    Updating crates.io index
    Scanning Cargo.lock for vulnerabilities (359 crate dependencies)

###################################################
### 2. cargo deny check (advisories + bans + licenses + sources)
###################################################
warning[license-not-encountered]: license was not encountered
  ┌─ /Users/zious/Documents/GITHUB/jira-cli/deny.toml:8:6
  │
8 │     "BSD-2-Clause",
  │      ━━━━━━━━━━━━ unmatched license allowance

warning[license-not-encountered]: license was not encountered
   ┌─ /Users/zious/Documents/GITHUB/jira-cli/deny.toml:15:6
   │
15 │     "OpenSSL",
   │      ━━━━━━━ unmatched license allowance

warning[license-not-encountered]: license was not encountered
   ┌─ /Users/zious/Documents/GITHUB/jira-cli/deny.toml:13:6
   │
13 │     "Unicode-DFS-2016",
   │      ━━━━━━━━━━━━━━━━ unmatched license allowance

warning[unmatched-skip]: skipped crate 'cpufeatures = ^0.2' was not encountered
    ┌─ /Users/zious/Documents/GITHUB/jira-cli/deny.toml:280:9
    │
280 │ name = "cpufeatures"
    │         ━━━━━━━━━━━ unmatched skip configuration
281 │ version = "0.2"
282 │ reason = "sha1 v0.10.7 (ADR-0017 S-576-2 dependency for BC-2.7.010 batch-download SHA-1 path prefix) requires cpufeatures 0.2.17; chacha20 v0.10.0 (via rand v0.10.1) requires cpufeatures 0.3.0. Unavoidable until sha1 0.11 or rand's chacha20 unify on the same cpufeatures major. Authorized DEC-185."
    │           ─────────────────────────────────────────────────────────────────────────────────────────────────────────────────────────────────────────────────────────────────────────────────────────────────────────────────────────────────────────────────────────────────────────────────────────────── reason

advisories ok, bans ok, licenses ok, sources ok

###################################################
### 3. cargo tree --duplicates
###################################################
getrandom v0.3.4
└── rand_core v0.9.5
    ├── rand v0.9.4
    │   └── proptest v1.11.0
    │       [dev-dependencies]
    │       └── jr v0.7.0-dev.7 (/Users/zious/Documents/GITHUB/jira-cli)
    ├── rand_chacha v0.9.0
    │   └── proptest v1.11.0 (*)
    └── rand_xorshift v0.4.0
        └── proptest v1.11.0 (*)

getrandom v0.4.2
├── rand v0.10.2
│   └── jr v0.7.0-dev.7 (/Users/zious/Documents/GITHUB/jira-cli)
└── tempfile v3.27.0
    ├── dialoguer v0.12.0
    │   └── jr v0.7.0-dev.7 (/Users/zious/Documents/GITHUB/jira-cli)
    ├── insta v1.48.0
    │   [dev-dependencies]
    │   └── jr v0.7.0-dev.7 (/Users/zious/Documents/GITHUB/jira-cli)
    ├── proptest v1.11.0 (*)
    └── rusty-fork v0.3.1
        └── proptest v1.11.0 (*)
    [dev-dependencies]
    └── jr v0.7.0-dev.7 (/Users/zious/Documents/GITHUB/jira-cli)

rand v0.9.4 (*)

rand v0.10.2 (*)

rand_core v0.9.5 (*)

rand_core v0.10.1
├── chacha20 v0.10.2
│   └── rand v0.10.2 (*)
├── getrandom v0.4.2 (*)
└── rand v0.10.2 (*)

serde_spanned v0.6.9
├── toml v0.8.23
│   └── figment v0.10.19
│       └── jr v0.7.0-dev.7 (/Users/zious/Documents/GITHUB/jira-cli)
└── toml_edit v0.22.27
    └── toml v0.8.23 (*)

serde_spanned v1.1.1
└── toml v1.1.4+spec-1.1.0
    └── jr v0.7.0-dev.7 (/Users/zious/Documents/GITHUB/jira-cli)

toml v0.8.23 (*)

toml v1.1.4+spec-1.1.0 (*)

toml_datetime v0.6.11
├── toml v0.8.23 (*)
└── toml_edit v0.22.27 (*)

toml_datetime v1.1.1+spec-1.1.0
└── toml v1.1.4+spec-1.1.0 (*)

winnow v0.7.15
└── toml_edit v0.22.27 (*)

winnow v1.0.0
├── toml v1.1.4+spec-1.1.0 (*)
└── toml_parser v1.1.3+spec-1.1.0
    └── toml v1.1.4+spec-1.1.0 (*)
