=== git branch --show-current ===
develop

=== cargo audit ===
    Fetching advisory database from `https://github.com/RustSec/advisory-db.git`
      Loaded 1243 security advisories (from /Users/zious/.cargo/advisory-db)
    Updating crates.io index
    Scanning Cargo.lock for vulnerabilities (358 crate dependencies)
Crate:     chacha20
Version:   0.10.0
Warning:   yanked
Dependency tree:
chacha20 0.10.0
└── rand 0.10.2
    └── jr 0.7.0-dev.5

warning: 1 allowed warning found
EXIT_STATUS: 0

=== cargo deny check ===
warning[license-not-encountered]: license was not encountered
  ┌─ /Users/zious/Documents/GITHUB/jira-cli/deny.toml:8:6
  │
8 │     "BSD-2-Clause",
  │      ━━━━━━━━━━━━ unmatched license allowance

warning[license-not-encountered]: license was not encountered
   ┌─ /Users/zious/Documents/GITHUB/jira-cli/deny.toml:15:6
   │
15 │     "OpenSSL",
   │      ━━━━━━━ unmatched license allowance

warning[license-not-encountered]: license was not encountered
   ┌─ /Users/zious/Documents/GITHUB/jira-cli/deny.toml:13:6
   │
13 │     "Unicode-DFS-2016",
   │      ━━━━━━━━━━━━━━━━ unmatched license allowance

warning[unmatched-skip]: skipped crate 'cpufeatures = ^0.2' was not encountered
    ┌─ /Users/zious/Documents/GITHUB/jira-cli/deny.toml:280:9
    │
280 │ name = "cpufeatures"
    │         ━━━━━━━━━━━ unmatched skip configuration
281 │ version = "0.2"
282 │ reason = "sha1 v0.10.7 (ADR-0017 S-576-2 dependency for BC-2.7.010 batch-download SHA-1 path prefix) requires cpufeatures 0.2.17; chacha20 v0.10.0 (via rand v0.10.1) requires cpufeatures 0.3.0. Unavoidable until sha1 0.11 or rand's chacha20 unify on the same cpufeatures major. Authorized DEC-185."
    │           ─────────────────────────────────────────────────────────────────────────────────────────────────────────────────────────────────────────────────────────────────────────────────────────────────────────────────────────────────────────────────────────────────────────────────────────────── reason

warning[yanked]: detected yanked crate (try `cargo update -p chacha20`)
   ┌─ /Users/zious/Documents/GITHUB/jira-cli/Cargo.lock:30:1
   │
30 │ chacha20 0.10.0 registry+https://github.com/rust-lang/crates.io-index
   │ ━━━━━━━━━━━━━━━━━━━━━━━━━━━━━━━━━━━━━━━━━━━━━━━━━━━━━━━━━━━━━━━━━━━━━ yanked version
   │
   ├ chacha20 v0.10.0
     └── rand v0.10.2
         └── jr v0.7.0-dev.5

advisories ok, bans ok, licenses ok, sources ok
EXIT_STATUS: 0

=== cargo tree --duplicates ===
getrandom v0.3.4
└── rand_core v0.9.5
    ├── rand v0.9.4
    │   └── proptest v1.11.0
    │       [dev-dependencies]
    │       └── jr v0.7.0-dev.5 (/Users/zious/Documents/GITHUB/jira-cli)
    ├── rand_chacha v0.9.0
    │   └── proptest v1.11.0 (*)
    └── rand_xorshift v0.4.0
        └── proptest v1.11.0 (*)

getrandom v0.4.2
├── rand v0.10.2
│   └── jr v0.7.0-dev.5 (/Users/zious/Documents/GITHUB/jira-cli)
└── tempfile v3.27.0
    ├── dialoguer v0.12.0
    │   └── jr v0.7.0-dev.5 (/Users/zious/Documents/GITHUB/jira-cli)
    ├── insta v1.48.0
    │   [dev-dependencies]
    │   └── jr v0.7.0-dev.5 (/Users/zious/Documents/GITHUB/jira-cli)
    ├── proptest v1.11.0 (*)
    └── rusty-fork v0.3.1
        └── proptest v1.11.0 (*)
    [dev-dependencies]
    └── jr v0.7.0-dev.5 (/Users/zious/Documents/GITHUB/jira-cli)

rand v0.9.4 (*)

rand v0.10.2 (*)

rand_core v0.9.5 (*)

rand_core v0.10.1
├── chacha20 v0.10.0
│   └── rand v0.10.2 (*)
├── getrandom v0.4.2 (*)
└── rand v0.10.2 (*)

serde_spanned v0.6.9
├── toml v0.8.23
│   └── figment v0.10.19
│       └── jr v0.7.0-dev.5 (/Users/zious/Documents/GITHUB/jira-cli)
└── toml_edit v0.22.27
    └── toml v0.8.23 (*)

serde_spanned v1.1.1
└── toml v1.1.4+spec-1.1.0
    └── jr v0.7.0-dev.5 (/Users/zious/Documents/GITHUB/jira-cli)

toml v0.8.23 (*)

toml v1.1.4+spec-1.1.0 (*)

toml_datetime v0.6.11
├── toml v0.8.23 (*)
└── toml_edit v0.22.27 (*)

toml_datetime v1.1.1+spec-1.1.0
└── toml v1.1.4+spec-1.1.0 (*)

winnow v0.7.15
└── toml_edit v0.22.27 (*)

winnow v1.0.0
├── toml v1.1.4+spec-1.1.0 (*)
└── toml_parser v1.1.3+spec-1.1.0
    └── toml v1.1.4+spec-1.1.0 (*)
EXIT_STATUS: 0

=== grep chacha20 in Cargo.lock ===
name = "chacha20"
version = "0.10.0"
source = "registry+https://github.com/rust-lang/crates.io-index"
EXIT_STATUS: 0

